------------------------------------------------------------
TimeQuest Timing Analyzer Summary
------------------------------------------------------------

Type  : Slow 1200mV 85C Model Setup 'i2c_ctrl:i2c_ctrl_inst|state.RD_DATA'
Slack : -5.768
TNS   : -6.137

Type  : Slow 1200mV 85C Model Setup 'sys_clk'
Slack : -3.920
TNS   : -171.718

Type  : Slow 1200mV 85C Model Setup 'i2c_ctrl:i2c_ctrl_inst|i2c_clk'
Slack : -3.531
TNS   : -291.591

Type  : Slow 1200mV 85C Model Setup 'seg_595_bcd:seg_595_bcd_inst|seg_bcd_disp:seg_bcd_disp_inst|clk_1k'
Slack : -1.885
TNS   : -16.955

Type  : Slow 1200mV 85C Model Setup 'i2c_ctrl:i2c_ctrl_inst|cnt_i2c_clk[0]'
Slack : -0.314
TNS   : -0.541

Type  : Slow 1200mV 85C Model Hold 'i2c_ctrl:i2c_ctrl_inst|cnt_i2c_clk[0]'
Slack : -1.731
TNS   : -7.851

Type  : Slow 1200mV 85C Model Hold 'i2c_ctrl:i2c_ctrl_inst|state.RD_DATA'
Slack : -1.062
TNS   : -6.591

Type  : Slow 1200mV 85C Model Hold 'i2c_ctrl:i2c_ctrl_inst|i2c_clk'
Slack : -0.593
TNS   : -7.437

Type  : Slow 1200mV 85C Model Hold 'sys_clk'
Slack : -0.001
TNS   : -0.001

Type  : Slow 1200mV 85C Model Hold 'seg_595_bcd:seg_595_bcd_inst|seg_bcd_disp:seg_bcd_disp_inst|clk_1k'
Slack : 0.454
TNS   : 0.000

Type  : Slow 1200mV 85C Model Recovery 'i2c_ctrl:i2c_ctrl_inst|cnt_i2c_clk[0]'
Slack : -4.006
TNS   : -4.006

Type  : Slow 1200mV 85C Model Removal 'i2c_ctrl:i2c_ctrl_inst|cnt_i2c_clk[0]'
Slack : 3.155
TNS   : 0.000

Type  : Slow 1200mV 85C Model Minimum Pulse Width 'sys_clk'
Slack : -3.000
TNS   : -127.908

Type  : Slow 1200mV 85C Model Minimum Pulse Width 'i2c_ctrl:i2c_ctrl_inst|i2c_clk'
Slack : -1.487
TNS   : -154.648

Type  : Slow 1200mV 85C Model Minimum Pulse Width 'seg_595_bcd:seg_595_bcd_inst|seg_bcd_disp:seg_bcd_disp_inst|clk_1k'
Slack : -1.487
TNS   : -20.818

Type  : Slow 1200mV 85C Model Minimum Pulse Width 'i2c_ctrl:i2c_ctrl_inst|cnt_i2c_clk[0]'
Slack : 0.345
TNS   : 0.000

Type  : Slow 1200mV 85C Model Minimum Pulse Width 'i2c_ctrl:i2c_ctrl_inst|state.RD_DATA'
Slack : 0.392
TNS   : 0.000

Type  : Slow 1200mV 0C Model Setup 'i2c_ctrl:i2c_ctrl_inst|state.RD_DATA'
Slack : -5.136
TNS   : -5.655

Type  : Slow 1200mV 0C Model Setup 'sys_clk'
Slack : -3.522
TNS   : -153.490

Type  : Slow 1200mV 0C Model Setup 'i2c_ctrl:i2c_ctrl_inst|i2c_clk'
Slack : -3.227
TNS   : -266.307

Type  : Slow 1200mV 0C Model Setup 'seg_595_bcd:seg_595_bcd_inst|seg_bcd_disp:seg_bcd_disp_inst|clk_1k'
Slack : -1.666
TNS   : -15.013

Type  : Slow 1200mV 0C Model Setup 'i2c_ctrl:i2c_ctrl_inst|cnt_i2c_clk[0]'
Slack : -0.232
TNS   : -0.238

Type  : Slow 1200mV 0C Model Hold 'i2c_ctrl:i2c_ctrl_inst|cnt_i2c_clk[0]'
Slack : -1.542
TNS   : -6.863

Type  : Slow 1200mV 0C Model Hold 'i2c_ctrl:i2c_ctrl_inst|state.RD_DATA'
Slack : -0.944
TNS   : -5.908

Type  : Slow 1200mV 0C Model Hold 'i2c_ctrl:i2c_ctrl_inst|i2c_clk'
Slack : -0.570
TNS   : -7.126

Type  : Slow 1200mV 0C Model Hold 'sys_clk'
Slack : 0.022
TNS   : 0.000

Type  : Slow 1200mV 0C Model Hold 'seg_595_bcd:seg_595_bcd_inst|seg_bcd_disp:seg_bcd_disp_inst|clk_1k'
Slack : 0.402
TNS   : 0.000

Type  : Slow 1200mV 0C Model Recovery 'i2c_ctrl:i2c_ctrl_inst|cnt_i2c_clk[0]'
Slack : -3.511
TNS   : -3.511

Type  : Slow 1200mV 0C Model Removal 'i2c_ctrl:i2c_ctrl_inst|cnt_i2c_clk[0]'
Slack : 2.817
TNS   : 0.000

Type  : Slow 1200mV 0C Model Minimum Pulse Width 'sys_clk'
Slack : -3.000
TNS   : -127.908

Type  : Slow 1200mV 0C Model Minimum Pulse Width 'i2c_ctrl:i2c_ctrl_inst|i2c_clk'
Slack : -1.487
TNS   : -154.648

Type  : Slow 1200mV 0C Model Minimum Pulse Width 'seg_595_bcd:seg_595_bcd_inst|seg_bcd_disp:seg_bcd_disp_inst|clk_1k'
Slack : -1.487
TNS   : -20.818

Type  : Slow 1200mV 0C Model Minimum Pulse Width 'i2c_ctrl:i2c_ctrl_inst|state.RD_DATA'
Slack : 0.243
TNS   : 0.000

Type  : Slow 1200mV 0C Model Minimum Pulse Width 'i2c_ctrl:i2c_ctrl_inst|cnt_i2c_clk[0]'
Slack : 0.305
TNS   : 0.000

Type  : Fast 1200mV 0C Model Setup 'i2c_ctrl:i2c_ctrl_inst|state.RD_DATA'
Slack : -2.364
TNS   : -2.364

Type  : Fast 1200mV 0C Model Setup 'sys_clk'
Slack : -1.101
TNS   : -35.411

Type  : Fast 1200mV 0C Model Setup 'i2c_ctrl:i2c_ctrl_inst|i2c_clk'
Slack : -1.006
TNS   : -66.632

Type  : Fast 1200mV 0C Model Setup 'seg_595_bcd:seg_595_bcd_inst|seg_bcd_disp:seg_bcd_disp_inst|clk_1k'
Slack : -0.281
TNS   : -1.408

Type  : Fast 1200mV 0C Model Setup 'i2c_ctrl:i2c_ctrl_inst|cnt_i2c_clk[0]'
Slack : 0.126
TNS   : 0.000

Type  : Fast 1200mV 0C Model Hold 'i2c_ctrl:i2c_ctrl_inst|cnt_i2c_clk[0]'
Slack : -0.775
TNS   : -3.617

Type  : Fast 1200mV 0C Model Hold 'i2c_ctrl:i2c_ctrl_inst|state.RD_DATA'
Slack : -0.468
TNS   : -2.854

Type  : Fast 1200mV 0C Model Hold 'i2c_ctrl:i2c_ctrl_inst|i2c_clk'
Slack : -0.359
TNS   : -4.780

Type  : Fast 1200mV 0C Model Hold 'sys_clk'
Slack : -0.182
TNS   : -0.282

Type  : Fast 1200mV 0C Model Hold 'seg_595_bcd:seg_595_bcd_inst|seg_bcd_disp:seg_bcd_disp_inst|clk_1k'
Slack : 0.187
TNS   : 0.000

Type  : Fast 1200mV 0C Model Recovery 'i2c_ctrl:i2c_ctrl_inst|cnt_i2c_clk[0]'
Slack : -1.638
TNS   : -1.638

Type  : Fast 1200mV 0C Model Removal 'i2c_ctrl:i2c_ctrl_inst|cnt_i2c_clk[0]'
Slack : 1.843
TNS   : 0.000

Type  : Fast 1200mV 0C Model Minimum Pulse Width 'sys_clk'
Slack : -3.000
TNS   : -92.460

Type  : Fast 1200mV 0C Model Minimum Pulse Width 'i2c_ctrl:i2c_ctrl_inst|i2c_clk'
Slack : -1.000
TNS   : -104.000

Type  : Fast 1200mV 0C Model Minimum Pulse Width 'seg_595_bcd:seg_595_bcd_inst|seg_bcd_disp:seg_bcd_disp_inst|clk_1k'
Slack : -1.000
TNS   : -14.000

Type  : Fast 1200mV 0C Model Minimum Pulse Width 'i2c_ctrl:i2c_ctrl_inst|state.RD_DATA'
Slack : 0.387
TNS   : 0.000

Type  : Fast 1200mV 0C Model Minimum Pulse Width 'i2c_ctrl:i2c_ctrl_inst|cnt_i2c_clk[0]'
Slack : 0.426
TNS   : 0.000

------------------------------------------------------------
