------------------------------------------------------------
TimeQuest Timing Analyzer Summary
------------------------------------------------------------

Type  : Slow 1200mV 85C Model Setup 'sys_clk'
Slack : -240.003
TNS   : -8165.205

Type  : Slow 1200mV 85C Model Setup 'freq_meter_calc_inst|clk_gen_inst|altpll_component|auto_generated|pll1|clk[0]'
Slack : -4.645
TNS   : -379.530

Type  : Slow 1200mV 85C Model Setup 'clk_test'
Slack : -2.656
TNS   : -196.642

Type  : Slow 1200mV 85C Model Hold 'sys_clk'
Slack : 0.433
TNS   : 0.000

Type  : Slow 1200mV 85C Model Hold 'clk_test'
Slack : 0.459
TNS   : 0.000

Type  : Slow 1200mV 85C Model Hold 'freq_meter_calc_inst|clk_gen_inst|altpll_component|auto_generated|pll1|clk[0]'
Slack : 0.753
TNS   : 0.000

Type  : Slow 1200mV 85C Model Minimum Pulse Width 'clk_test'
Slack : -4.000
TNS   : -264.532

Type  : Slow 1200mV 85C Model Minimum Pulse Width 'freq_meter_calc_inst|clk_gen_inst|altpll_component|auto_generated|pll1|clk[0]'
Slack : 4.694
TNS   : 0.000

Type  : Slow 1200mV 85C Model Minimum Pulse Width 'sys_clk'
Slack : 9.765
TNS   : 0.000

Type  : Slow 1200mV 0C Model Setup 'sys_clk'
Slack : -216.637
TNS   : -7345.541

Type  : Slow 1200mV 0C Model Setup 'freq_meter_calc_inst|clk_gen_inst|altpll_component|auto_generated|pll1|clk[0]'
Slack : -4.336
TNS   : -352.622

Type  : Slow 1200mV 0C Model Setup 'clk_test'
Slack : -2.433
TNS   : -180.042

Type  : Slow 1200mV 0C Model Hold 'clk_test'
Slack : 0.280
TNS   : 0.000

Type  : Slow 1200mV 0C Model Hold 'sys_clk'
Slack : 0.383
TNS   : 0.000

Type  : Slow 1200mV 0C Model Hold 'freq_meter_calc_inst|clk_gen_inst|altpll_component|auto_generated|pll1|clk[0]'
Slack : 0.664
TNS   : 0.000

Type  : Slow 1200mV 0C Model Minimum Pulse Width 'clk_test'
Slack : -4.000
TNS   : -265.240

Type  : Slow 1200mV 0C Model Minimum Pulse Width 'freq_meter_calc_inst|clk_gen_inst|altpll_component|auto_generated|pll1|clk[0]'
Slack : 4.662
TNS   : 0.000

Type  : Slow 1200mV 0C Model Minimum Pulse Width 'sys_clk'
Slack : 9.723
TNS   : 0.000

Type  : Fast 1200mV 0C Model Setup 'sys_clk'
Slack : -100.517
TNS   : -3240.364

Type  : Fast 1200mV 0C Model Setup 'freq_meter_calc_inst|clk_gen_inst|altpll_component|auto_generated|pll1|clk[0]'
Slack : -1.424
TNS   : -112.528

Type  : Fast 1200mV 0C Model Setup 'clk_test'
Slack : -0.647
TNS   : -39.988

Type  : Fast 1200mV 0C Model Hold 'sys_clk'
Slack : 0.178
TNS   : 0.000

Type  : Fast 1200mV 0C Model Hold 'clk_test'
Slack : 0.204
TNS   : 0.000

Type  : Fast 1200mV 0C Model Hold 'freq_meter_calc_inst|clk_gen_inst|altpll_component|auto_generated|pll1|clk[0]'
Slack : 0.297
TNS   : 0.000

Type  : Fast 1200mV 0C Model Minimum Pulse Width 'clk_test'
Slack : -3.000
TNS   : -105.378

Type  : Fast 1200mV 0C Model Minimum Pulse Width 'freq_meter_calc_inst|clk_gen_inst|altpll_component|auto_generated|pll1|clk[0]'
Slack : 4.769
TNS   : 0.000

Type  : Fast 1200mV 0C Model Minimum Pulse Width 'sys_clk'
Slack : 9.405
TNS   : 0.000

------------------------------------------------------------
